// Jest Snapshot v1, https://goo.gl/fbAQLP

exports[`importProductsFile should return signedUrl 1`] = `"{}"`;
